[bbs-esthetique.com/index.html]
[backblue.gif]
[fade.gif]
[index.html]
[bbs-esthetique.com/wp-content/uploads/premium-addons-elementor/pa-frontend-5bd72b0c3.min64ed.css]
[bbs-esthetique.com/wp-content/themes/hello-elementor/style.min41fe.css]
[bbs-esthetique.com/wp-content/themes/hello-elementor/theme.min41fe.css]
[bbs-esthetique.com/wp-content/themes/hello-elementor/header-footer.min41fe.css]
[bbs-esthetique.com/feed/index.html]
[bbs-esthetique.com/wp-content/plugins/elementor/assets/css/frontend-lite.min6e54.css]
[bbs-esthetique.com/comments/feed/index.html]
[bbs-esthetique.com/wp-content/uploads/elementor/css/post-21851d46.css]
[bbs-esthetique.com/wp-content/plugins/elementor/assets/lib/swiper/v8/css/swiper.min94a4.css]
[bbs-esthetique.com/wp-content/plugins/elementor-pro/assets/css/frontend-lite.min3fd0.css]
[bbs-esthetique.com/wp-content/plugins/elementor/assets/lib/font-awesome/css/all.mind5d4.css]
[bbs-esthetique.com/wp-content/plugins/elementor/assets/lib/font-awesome/css/v4-shims.min6e54.css]
[bbs-esthetique.com/wp-content/uploads/elementor/css/globalf3da.css]
[bbs-esthetique.com/wp-content/uploads/elementor/css/post-45509085.css]
[bbs-esthetique.com/wp-content/uploads/elementor/css/post-2743f2d1.css]
[bbs-esthetique.com/wp-content/uploads/elementor/css/post-2790f2a8.css]
[bbs-esthetique.com/wp-includes/js/jquery/jquery.minf43b.js]
[bbs-esthetique.com/wp-includes/js/jquery/jquery-migrate.min5589.js]
[bbs-esthetique.com/wp-content/plugins/elementor/assets/lib/font-awesome/js/v4-shims.min6e54.js]
[bbs-esthetique.com/wp-json/wp/v2/pages/4550.json]
[bbs-esthetique.com/wp-json/index.html]
[bbs-esthetique.com/xmlrpc0db0.php]
[bbs-esthetique.com/wp-json/oembed/1.0/embed3960.json]
[bbs-esthetique.com/wp-json/oembed/1.0/embed842d]
[bbs-esthetique.com/wp-content/uploads/2024/02/logo-bbs-esthetique-morado-dorado-azul-7px-min.png]
[bbs-esthetique.com/wp-content/plugins/elementor/assets/css/widget-icon-list.min.css]
[bbs-esthetique.com/wp-content/plugins/elementor-pro/assets/css/widget-nav-menu.min.css]
[bbs-esthetique.com/wp-content/uploads/2024/02/logo-bbs-esthetique-morado-blanco-azul-7px.png]
[bbs-esthetique.com/wp-content/uploads/2024/02/transparente.png]
[bbs-esthetique.com/nosotros/index.html]
[bbs-esthetique.com/wp-content/uploads/2024/02/doctor-cinta-metrica-que-mide-tamano-pecho-paciente.jpg]
[bbs-esthetique.com/tours/index.html]
[bbs-esthetique.com/wp-content/uploads/2024/02/mujer-marcada-cirugia-estetica-5.jpg]
[bbs-esthetique.com/emprendamos/index.html]
[bbs-esthetique.com/inicio/index.html]
[bbs-esthetique.com/wp-content/uploads/2024/02/colocar-mujer-vestida-lenceria-blanca.jpg]
[bbs-esthetique.com/wp-content/uploads/2024/02/hombre-demuestra-sus-musculos-abdominales-aislado-blanco.jpg]
[bbs-esthetique.com/cirugia-gratis/index.html]
[bbs-esthetique.com/wp-content/uploads/2024/02/Rinoplastia.jpg]
[bbs-esthetique.com/wp-content/uploads/2024/02/Blefaroplastia-1.jpg]
[bbs-esthetique.com/blog/index.html]
[bbs-esthetique.com/wp-content/uploads/2024/02/Bichectomia-1.jpg]
[bbs-esthetique.com/wp-content/uploads/2024/02/Mentoplastia-1.jpg]
[bbs-esthetique.com/wp-content/uploads/2024/02/bandera-de-colombia.png]
[bbs-esthetique.com/wp-content/uploads/2024/02/bander-de-venezuela.png]
[bbs-esthetique.com/contactanos/index.html]
[bbs-esthetique.com/wp-content/uploads/2024/02/bandera-de-ecuador.png]
[bbs-esthetique.com/wp-content/uploads/2024/02/bandera-de-peru.png]
[bbs-esthetique.com/wp-content/uploads/2024/02/bandera-de-bolivia.png]
[bbs-esthetique.com/wp-content/uploads/2024/02/viaje.png]
[bbs-esthetique.com/wp-content/uploads/2024/02/idea.png]
[bbs-esthetique.com/wp-content/uploads/2024/02/cirugia-estetica-gratis.png]
[bbs-esthetique.com/wp-content/uploads/2024/02/autoestima-1.png]
[bbs-esthetique.com/wp-content/uploads/2024/02/seguridad.png]
[bbs-esthetique.com/wp-content/uploads/2024/02/asistencia-medica.png]
[bbs-esthetique.com/wp-content/uploads/2024/02/asitencia-telefonica.png]
[bbs-esthetique.com/wp-content/uploads/2024/02/medicamento.png]
[bbs-esthetique.com/wp-content/uploads/2024/02/asistencia-especialistas.png]
[bbs-esthetique.com/wp-content/uploads/2024/02/atencion-al-paciente.png]
[bbs-esthetique.com/wp-content/plugins/elementor/assets/css/widget-icon-box.min.css]
[bbs-esthetique.com/wp-content/uploads/2024/02/Imagen-de-WhatsApp-2024-02-27-a-las-17.03.20_5456f388-768x704.jpg]
[bbs-esthetique.com/wp-content/uploads/2024/02/salto-angel.jpg]
[bbs-esthetique.com/wp-content/uploads/2024/02/vaje.jpg]
[bbs-esthetique.com/blog/transforma-tu-belleza-con-bbs-esthetique/index.html]
[bbs-esthetique.com/wp-content/plugins/premium-addons-for-elementor/assets/frontend/min-css/slick.mind5d4.css]
[bbs-esthetique.com/wp-content/uploads/elementor/css/post-4256b68f.css]
[bbs-esthetique.com/wp-content/uploads/elementor/css/post-3931a7d0.css]
[bbs-esthetique.com/wp-content/plugins/elementor/assets/lib/animations/animations.min6e54.css]
[bbs-esthetique.com/blog/bbs-esthetique-tu-puerta-a-la-belleza-sin-fronteras/index.html]
[bbs-esthetique.com/wp-content/uploads/premium-addons-elementor/pa-frontend-5bd72b0c3.min64ed.js]
[bbs-esthetique.com/wp-content/themes/hello-elementor/assets/js/hello-frontend.min41fe.js]
[bbs-esthetique.com/wp-content/plugins/premium-addons-for-elementor/assets/frontend/min-js/premium-wrapper-link.mind5d4.js]
[bbs-esthetique.com/wp-content/plugins/elementor-pro/assets/lib/smartmenus/jquery.smartmenus.minf269.js]
[bbs-esthetique.com/politicas-de-privacidad/index.html]
[bbs-esthetique.com/blog/turismo-estetico-con-bbs-esthetique/index.html]
[bbs-esthetique.com/wp-content/plugins/elementor/assets/lib/jquery-numerator/jquery-numerator.min3958.js]
[bbs-esthetique.com/wp-includes/js/imagesloaded.minbb93.js]
[bbs-esthetique.com/wp-content/plugins/premium-addons-for-elementor/assets/frontend/min-js/isotope.mind5d4.js]
[bbs-esthetique.com/wp-content/plugins/premium-addons-for-elementor/assets/frontend/min-js/slick.mind5d4.js]
[bbs-esthetique.com/wp-content/plugins/gtranslate/js/flags84fc.js]
[bbs-esthetique.com/wp-content/plugins/elementor-pro/assets/js/webpack-pro.runtime.min3fd0.js]
[bbs-esthetique.com/wp-content/plugins/elementor/assets/js/webpack.runtime.min6e54.js]
[bbs-esthetique.com/wp-content/plugins/elementor/assets/js/frontend-modules.min6e54.js]
[bbs-esthetique.com/wp-includes/js/dist/vendor/wp-polyfill-inert.min0226.js]
[bbs-esthetique.com/wp-includes/js/dist/vendor/regenerator-runtime.min6c85.js]
[bbs-esthetique.com/wp-includes/js/dist/vendor/wp-polyfill.min2c7c.js]
[bbs-esthetique.com/wp-includes/js/dist/hooks.min2ebd.js]
[bbs-esthetique.com/wp-includes/js/dist/i18n.minf92f.js]
[bbs-esthetique.com/wp-content/plugins/elementor-pro/assets/js/frontend.min3fd0.js]
[bbs-esthetique.com/wp-content/plugins/elementor/assets/lib/waypoints/waypoints.min05da.js]
[bbs-esthetique.com/wp-includes/js/jquery/ui/core.min3f14.js]
[bbs-esthetique.com/wp-content/plugins/elementor/assets/js/frontend.min6e54.js]
[bbs-esthetique.com/wp-content/plugins/elementor-pro/assets/js/elements-handlers.min3fd0.js]
[bbs-esthetique.com/wp-content/plugins/elementor-pro/assets/lib/sticky/jquery.sticky.min3fd0.js]
[bbs-esthetique.com/index.html]
[bbs-esthetique.com/wp-content/uploads/premium-addons-elementor/pa-frontend-5bd72b0c3.min64ed.css]
[bbs-esthetique.com/wp-content/themes/hello-elementor/style.min41fe.css]
[bbs-esthetique.com/wp-content/themes/hello-elementor/theme.min41fe.css]
[bbs-esthetique.com/wp-content/themes/hello-elementor/header-footer.min41fe.css]
[bbs-esthetique.com/wp-content/plugins/elementor/assets/css/frontend-lite.min6e54.css]
[bbs-esthetique.com/wp-content/uploads/elementor/css/post-21851d46.css]
[bbs-esthetique.com/wp-content/plugins/elementor/assets/lib/swiper/v8/css/swiper.min94a4.css]
[bbs-esthetique.com/wp-content/plugins/elementor-pro/assets/css/frontend-lite.min3fd0.css]
[bbs-esthetique.com/wp-content/plugins/elementor/assets/lib/font-awesome/webfonts/fa-brands-400.eot]
[bbs-esthetique.com/wp-content/plugins/elementor/assets/lib/font-awesome/webfonts/fa-brands-400.woff2]
[bbs-esthetique.com/wp-content/plugins/elementor/assets/lib/font-awesome/webfonts/fa-brands-400d41d.eot]
[bbs-esthetique.com/wp-content/plugins/elementor/assets/lib/font-awesome/webfonts/fa-brands-400.woff]
[bbs-esthetique.com/wp-content/plugins/elementor/assets/lib/font-awesome/webfonts/fa-brands-400.ttf]
[bbs-esthetique.com/wp-content/plugins/elementor/assets/lib/font-awesome/webfonts/fa-regular-400.eot]
[bbs-esthetique.com/wp-content/plugins/elementor/assets/lib/font-awesome/webfonts/fa-brands-400.svg]
[bbs-esthetique.com/wp-content/plugins/elementor/assets/lib/font-awesome/webfonts/fa-regular-400d41d.eot]
[bbs-esthetique.com/wp-content/plugins/elementor/assets/lib/font-awesome/webfonts/fa-regular-400.woff2]
[bbs-esthetique.com/wp-content/plugins/elementor/assets/lib/font-awesome/webfonts/fa-regular-400.woff]
[bbs-esthetique.com/wp-content/plugins/elementor/assets/lib/font-awesome/webfonts/fa-regular-400.ttf]
[bbs-esthetique.com/wp-content/plugins/elementor/assets/lib/font-awesome/webfonts/fa-regular-400.svg]
[bbs-esthetique.com/wp-content/plugins/elementor/assets/lib/font-awesome/webfonts/fa-solid-900.eot]
[bbs-esthetique.com/wp-content/plugins/elementor/assets/lib/font-awesome/webfonts/fa-solid-900d41d.eot]
[bbs-esthetique.com/wp-content/plugins/elementor/assets/lib/font-awesome/webfonts/fa-solid-900.woff2]
[bbs-esthetique.com/wp-content/plugins/elementor/assets/lib/font-awesome/webfonts/fa-solid-900.woff]
[bbs-esthetique.com/wp-content/plugins/elementor/assets/lib/font-awesome/webfonts/fa-solid-900.ttf]
[bbs-esthetique.com/wp-content/plugins/elementor/assets/lib/font-awesome/css/all.mind5d4.css]
[bbs-esthetique.com/wp-content/plugins/elementor/assets/lib/font-awesome/css/v4-shims.min6e54.css]
[bbs-esthetique.com/wp-content/uploads/elementor/css/globalf3da.css]
[bbs-esthetique.com/wp-content/plugins/elementor/assets/lib/font-awesome/webfonts/fa-solid-900.svg]
[bbs-esthetique.com/wp-content/uploads/2024/02/forma-2.png]
[bbs-esthetique.com/wp-content/uploads/2024/02/cartagena.jpg]
[bbs-esthetique.com/wp-content/uploads/2024/02/mitad-del-mundo-quito-840x473-1.jpg]
[bbs-esthetique.com/wp-content/uploads/2024/02/peru.jpg]
[bbs-esthetique.com/wp-content/uploads/2024/02/bolivia.jpg]
[bbs-esthetique.com/wp-content/uploads/2024/02/Imagen-de-WhatsApp-2024-02-27-a-las-17.03.20_5456f388.jpg]
[bbs-esthetique.com/wp-content/uploads/elementor/css/post-45509085.css]
[bbs-esthetique.com/wp-content/uploads/elementor/css/post-2743f2d1.css]
[bbs-esthetique.com/wp-content/uploads/elementor/css/post-2790f2a8.css]
[bbs-esthetique.com/wp-includes/js/jquery/jquery.minf43b.js]
[bbs-esthetique.com/wp-includes/js/jquery/jquery-migrate.min5589.js]
[bbs-esthetique.com/wp-content/plugins/elementor/assets/lib/font-awesome/js/v4-shims.min6e54.js]
[bbs-esthetique.com/wp-content/plugins/elementor/assets/css/widget-icon-list.min.css]
[bbs-esthetique.com/wp-content/plugins/elementor-pro/assets/css/widget-nav-menu.min.css]
[bbs-esthetique.com/wp-content/plugins/elementor/assets/lib/font-awesome/css/all.min43bd.css]
[bbs-esthetique.com/wp-content/uploads/elementor/css/post-22221c1f.css]
[bbs-esthetique.com/Trident/index.html]
[bbs-esthetique.com/wp-json/wp/v2/pages/2222.json]
[bbs-esthetique.com/wp-json/oembed/1.0/embed9165.json]
[bbs-esthetique.com/wp-json/oembed/1.0/embedf945]
[bbs-esthetique.com/wp-content/uploads/2024/02/bella-mujer-segura-si-misma-doctora-sonriendo-mirando-camara-interiores-generada-inteligencia-artificial_4-1024x585.jpg]
[bbs-esthetique.com/wp-content/uploads/2024/02/undraw_calendar_s.png]
[bbs-esthetique.com/wp-content/uploads/2024/02/undraw_typing_s.png]
[bbs-esthetique.com/wp-content/uploads/2024/02/undraw_safe_s.png]
[bbs-esthetique.com/wp-content/uploads/2024/02/undraw_add_user_s.png]
[bbs-esthetique.com/wp-content/plugins/premium-addons-for-elementor/assets/frontend/min-js/premium-wrapper-link.min43bd.js]
[bbs-esthetique.com/inicio/index.html]
[bbs-esthetique.com/wp-content/uploads/elementor/css/post-24051794.css]
[bbs-esthetique.com/wp-json/wp/v2/pages/2405.json]
[bbs-esthetique.com/wp-json/oembed/1.0/embed8f31.json]
[bbs-esthetique.com/nosotros/index.html]
[bbs-esthetique.com/wp-json/oembed/1.0/embed329c]
[bbs-esthetique.com/wp-content/plugins/premium-addons-for-elementor/assets/frontend/min-css/premium-addons.mind5d4.css]
[bbs-esthetique.com/wp-includes/css/dist/block-library/style.min84fc.css]
[bbs-esthetique.com/wp-json/wp/v2/pages/3929.json]
[bbs-esthetique.com/wp-json/oembed/1.0/embed8cfb.json]
[bbs-esthetique.com/tours/index.html]
[bbs-esthetique.com/wp-json/oembed/1.0/embed779a]
[bbs-esthetique.com/wp-content/plugins/premium-addons-for-elementor/assets/frontend/min-css/premium-addons.min43bd.css]
[bbs-esthetique.com/wp-json/wp/v2/pages/3921.json]
[bbs-esthetique.com/wp-json/oembed/1.0/embed121d.json]
[bbs-esthetique.com/emprendamos/index.html]
[bbs-esthetique.com/wp-json/oembed/1.0/embed399c]
[bbs-esthetique.com/wp-content/uploads/elementor/css/post-258384a6.css]
[bbs-esthetique.com/wp-json/wp/v2/pages/2583.json]
[bbs-esthetique.com/wp-json/oembed/1.0/embed5d64.json]
[bbs-esthetique.com/wp-json/oembed/1.0/embed00fc]
[bbs-esthetique.com/wp-content/uploads/2024/02/mujer-marcada-cirugia-estetica-2.jpg]
[bbs-esthetique.com/wp-content/uploads/2024/02/mujer-marcada-cirugia-estetica-3.jpg]
[bbs-esthetique.com/wp-content/uploads/2024/02/mastopexia-reductora-1024x684.jpg]
[bbs-esthetique.com/cirugia-gratis/index.html]
[bbs-esthetique.com/wp-content/uploads/2024/02/Imagen-de-WhatsApp-2024-02-27-a-las-17.03.20_5456f388-1024x938.jpg]
[bbs-esthetique.com/blog/index.html]
[bbs-esthetique.com/wp-json/wp/v2/pages/3923.json]
[bbs-esthetique.com/wp-json/oembed/1.0/embedec9b.json]
[bbs-esthetique.com/contactanos/index.html]
[bbs-esthetique.com/wp-content/plugins/elementor/assets/css/widget-icon-box.min.css]
[bbs-esthetique.com/wp-json/oembed/1.0/embedc9bb]
[bbs-esthetique.com/wp-content/uploads/elementor/css/post-49726a82.css]
[bbs-esthetique.com/blog/transforma-tu-belleza-con-bbs-esthetique/feed/index.html]
[bbs-esthetique.com/wp-json/wp/v2/posts/3861.json]
[bbs-esthetique.com/wp-json/oembed/1.0/embedec5f.json]
[bbs-esthetique.com/wp-json/oembed/1.0/embed28ac]
[bbs-esthetique.com/wp-content/plugins/elementor-pro/assets/css/widget-theme-elements.min.css]
[bbs-esthetique.com/wp-content/uploads/2024/02/camas-equipo-medico-destacan-tonos-azules-relajantes-habitacion-hospital_4-1024x574.jpg]
[bbs-esthetique.com/wp-content/plugins/elementor-pro/assets/css/widget-share-buttons.min.css]
[bbs-esthetique.com/wp-content/plugins/elementor-pro/assets/css/widget-posts.min.css]
[bbs-esthetique.com/blog/transforma-tu-belleza-con-bbs-esthetique/index.html]
[bbs-esthetique.com/blog/bbs-esthetique-tu-puerta-a-la-belleza-sin-fronteras/feed/index.html]
[bbs-esthetique.com/wp-json/wp/v2/posts/3859.json]
[bbs-esthetique.com/wp-json/oembed/1.0/embedcc68.json]
[bbs-esthetique.com/wp-json/oembed/1.0/embed5987]
[bbs-esthetique.com/blog/bbs-esthetique-tu-puerta-a-la-belleza-sin-fronteras/index.html]
[bbs-esthetique.com/blog/turismo-estetico-con-bbs-esthetique/feed/index.html]
[bbs-esthetique.com/wp-json/wp/v2/posts/3857.json]
[bbs-esthetique.com/wp-json/oembed/1.0/embed7c32.json]
[bbs-esthetique.com/wp-json/oembed/1.0/embed8b8f]
[bbs-esthetique.com/wp-content/uploads/2024/02/MUJER-CUMPLIENDO-SU-SUENO-CON-BBS-ESTHETIQUE.COM-3@72x-min.png]
[bbs-esthetique.com/blog/turismo-estetico-con-bbs-esthetique/index.html]
[bbs-esthetique.com/wp-content/uploads/elementor/css/post-2558cb75.css]
[bbs-esthetique.com/wp-json/wp/v2/pages/2558.json]
[bbs-esthetique.com/wp-json/oembed/1.0/embed25cd.json]
[bbs-esthetique.com/wp-json/oembed/1.0/embed7500]
[bbs-esthetique.com/politicas-de-privacidad/index.html]
[bbs-esthetique.com/wp-content/plugins/premium-addons-for-elementor/assets/frontend/min-css/slick.mind5d4.css]
[bbs-esthetique.com/wp-content/uploads/2024/02/bubble_bg_popup.png]
[bbs-esthetique.com/wp-content/uploads/elementor/css/post-4256b68f.css]
[bbs-esthetique.com/wp-content/uploads/2024/02/mujer-pelo-azul-vestido-dorado-pie-frente-superficie-agua_4.jpg]
[bbs-esthetique.com/wp-content/uploads/elementor/css/post-3931a7d0.css]
[bbs-esthetique.com/wp-content/plugins/elementor/assets/lib/animations/animations.min6e54.css]
[bbs-esthetique.com/wp-content/uploads/premium-addons-elementor/pa-frontend-5bd72b0c3.min64ed.js]
[bbs-esthetique.com/wp-content/themes/hello-elementor/assets/js/hello-frontend.min41fe.js]
[bbs-esthetique.com/wp-content/plugins/premium-addons-for-elementor/assets/frontend/min-js/premium-wrapper-link.mind5d4.js]
[bbs-esthetique.com/wp-content/plugins/elementor-pro/assets/lib/smartmenus/jquery.smartmenus.minf269.js]
[bbs-esthetique.com/wp-content/plugins/elementor/assets/lib/jquery-numerator/jquery-numerator.min3958.js]
[bbs-esthetique.com/wp-includes/js/imagesloaded.minbb93.js]
[bbs-esthetique.com/wp-content/plugins/premium-addons-for-elementor/assets/frontend/min-js/isotope.mind5d4.js]
[bbs-esthetique.com/wp-content/plugins/premium-addons-for-elementor/assets/frontend/min-js/slick.mind5d4.js]
[translate.google.com/translate_a/element7876.js]
[bbs-esthetique.com/wp-content/plugins/gtranslate/js/flags84fc.js]
[bbs-esthetique.com/wp-content/plugins/elementor-pro/assets/js/webpack-pro.runtime.min3fd0.js]
[bbs-esthetique.com/wp-content/plugins/elementor/assets/js/webpack.runtime.min6e54.js]
[bbs-esthetique.com/wp-content/plugins/elementor/assets/js/frontend-modules.min6e54.js]
[bbs-esthetique.com/wp-includes/js/dist/vendor/wp-polyfill-inert.min0226.js]
[bbs-esthetique.com/wp-includes/js/dist/vendor/regenerator-runtime.min6c85.js]
[bbs-esthetique.com/wp-includes/js/dist/vendor/wp-polyfill.min2c7c.js]
[bbs-esthetique.com/wp-includes/js/dist/hooks.min2ebd.js]
[bbs-esthetique.com/wp-includes/js/dist/i18n.minf92f.js]
[bbs-esthetique.com/wp-content/plugins/elementor-pro/assets/js/frontend.min3fd0.js]
[bbs-esthetique.com/wp-content/plugins/elementor/assets/lib/waypoints/waypoints.min05da.js]
[bbs-esthetique.com/wp-includes/js/jquery/ui/core.min3f14.js]
[bbs-esthetique.com/-negative.svg]
[bbs-esthetique.com/wp-content/plugins/elementor/assets/js/frontend.min6e54.js]
[bbs-esthetique.com/wp-content/plugins/elementor-pro/assets/js/elements-handlers.min3fd0.js]
[bbs-esthetique.com/wp-content/plugins/elementor-pro/assets/lib/sticky/jquery.sticky.min3fd0.js]
[bbs-esthetique.com/wp-content/plugins/elementor/assets/lib/font-awesome/webfonts/fa-brands-400.svg]
[bbs-esthetique.com/wp-content/plugins/elementor/assets/lib/font-awesome/webfonts/fa-regular-400.svg]
[bbs-esthetique.com/wp-content/plugins/elementor/assets/lib/font-awesome/webfonts/fa-solid-900.svg]
[bbs-esthetique.com/Trident/index.html]
[bbs-esthetique.com/wp-content/plugins/elementor/assets/lib/font-awesome/css/all.min43bd.css]
[bbs-esthetique.com/OPR/index.html]
[bbs-esthetique.com/wp-content/uploads/2024/02/hermosa-joven-cabello-largo-rubio-mirando-camara-generada-inteligencia-artificial_4.jpg]
[bbs-esthetique.com/wp-content/plugins/elementor/assets/mask-shapes/blob.svg]
[bbs-esthetique.com/wp-content/uploads/elementor/css/post-22221c1f.css]
[bbs-esthetique.com/indexa25c.html]
[bbs-esthetique.com/index.php/tipos-de-cirugia-plastica/index.html]
[bbs-esthetique.com/wp-content/plugins/premium-addons-for-elementor/assets/frontend/min-js/premium-wrapper-link.min43bd.js]
[bbs-esthetique.com/wp-content/uploads/2024/02/retrato-mujer-enfermera-trabajando_4.jpg]
[bbs-esthetique.com/wp-content/uploads/elementor/css/post-24051794.css]
[bbs-esthetique.com/index83b4.html]
[bbs-esthetique.com/tipos-de-cirugia-plastica/index.html]
[bbs-esthetique.com/wp-content/plugins/premium-addons-for-elementor/assets/editor/fonts/pa-elements6f5e.eot]
[bbs-esthetique.com/wp-content/plugins/premium-addons-for-elementor/assets/editor/fonts/pa-elements6f5e.ttf]
[bbs-esthetique.com/wp-content/plugins/premium-addons-for-elementor/assets/editor/fonts/pa-elements6f5e.woff]
[bbs-esthetique.com/wp-content/plugins/premium-addons-for-elementor/assets/editor/fonts/pa-elements6f5e.svg]
[bbs-esthetique.com/wp-content/plugins/premium-addons-for-elementor/assets/plugins/premium-addons-for-elementor/assets/editor/fonts/pa-elements6f5e.eot]
[bbs-esthetique.com/wp-content/plugins/premium-addons-for-elementor/assets/plugins/premium-addons-for-elementor/assets/editor/fonts/pa-elements6f5e.ttf]
[bbs-esthetique.com/wp-content/plugins/premium-addons-for-elementor/assets/plugins/premium-addons-for-elementor/assets/editor/fonts/pa-elements6f5e.woff]
[bbs-esthetique.com/wp-content/plugins/premium-addons-for-elementor/assets/plugins/premium-addons-for-elementor/assets/editor/fonts/pa-elements6f5e.svg]
[bbs-esthetique.com/wp-content/plugins/premium-addons-for-elementor/assets/frontend/min-css/premium-addons.mind5d4.css]
[bbs-esthetique.com/wp-includes/css/dist/block-library/style.min84fc.css]
[bbs-esthetique.com/indexeacd.html]
[bbs-esthetique.com/wp-content/plugins/premium-addons-for-elementor/assets/frontend/min-css/premium-addons.min43bd.css]
[bbs-esthetique.com/indexd35f.html]
[bbs-esthetique.com/wp-content/uploads/2024/02/retrato-enfermera-hospital_4.jpg]
[bbs-esthetique.com/wp-content/uploads/elementor/css/post-258384a6.css]
[bbs-esthetique.com/index1dc1.html]
[bbs-esthetique.com/index46d3.html]
[bbs-esthetique.com/wp-content/uploads/elementor/css/post-49726a82.css]
[bbs-esthetique.com/indexfbcf.html]
[bbs-esthetique.com/wp-content/plugins/elementor-pro/assets/css/widget-theme-elements.min.css]
[bbs-esthetique.com/wp-content/plugins/elementor-pro/assets/css/widget-share-buttons.min.css]
[bbs-esthetique.com/wp-content/plugins/elementor-pro/assets/css/widget-posts.min.css]
[bbs-esthetique.com/index5ec5.html]
[bbs-esthetique.com/indexf7ee.html]
[bbs-esthetique.com/wp-content/uploads/2024/02/pasillo-hospital-efecto-movimiento_4.jpg]
[bbs-esthetique.com/wp-content/uploads/elementor/css/post-2558cb75.css]
[bbs-esthetique.com/index5caa.html]
[bbs-esthetique.com/-negative.html]
[bbs-esthetique.com/OPR/index.html]
[bbs-esthetique.com/wp-content/plugins/elementor/assets/mask-shapes/blob.svg]
[bbs-esthetique.com/tipos-de-cirugia-plastica/index.html]
[bbs-esthetique.com/wp-content/plugins/premium-addons-for-elementor/assets/editor/fonts/pa-elements6f5e.svg]
[bbs-esthetique.com/wp-content/plugins/premium-addons-for-elementor/assets/plugins/premium-addons-for-elementor/assets/editor/fonts/pa-elements6f5e.html]
[bbs-esthetique.com/wp-content/plugins/premium-addons-for-elementor/assets/plugins/premium-addons-for-elementor/assets/editor/fonts/pa-elements6f5e-2.html]
[bbs-esthetique.com/wp-content/plugins/premium-addons-for-elementor/assets/plugins/premium-addons-for-elementor/assets/editor/fonts/pa-elements6f5e-3.html]
[bbs-esthetique.com/wp-content/plugins/premium-addons-for-elementor/assets/plugins/premium-addons-for-elementor/assets/editor/fonts/pa-elements6f5e-4.html]
